LTspice 24.0.12 for Windows
Circuit: * C:\Users\Pierre-Anthony\Documents\GitHub\Chorus_CH32\Simulation\Butterworth_input_filter_v2.asc
Start Time: Tue Jan 21 19:10:13 2025
solver = Normal
Maximum thread count: 24
tnom = 27
temp = 27
method = modified trap
WARNING: Node N006 is floating.

Early termination of direct N-R iteration.
Direct Newton iteration failed to find .op point.  (Use ".option noopiter" to skip.)
Starting Gmin stepping
Gmin = 10
vernier = 0.5
vernier = 0.25
vernier = 0.125
Gmin = 5.5165
vernier = 0.0625
vernier = 0.03125
vernier = 0.015625
vernier = 0.0078125
Gmin = 5.49501
vernier = 0.00390625
vernier = 0.00195312
vernier = 0.000976562
vernier = 0.000488281
Gmin = 5.50104
Gmin = 0
Gmin stepping succeeded in finding the operating point.

Total elapsed time: 0.595 seconds.

