LTspice 24.0.12 for Windows
Circuit: * C:\Users\Pierre-Anthony\Documents\GitHub\Chorus_CH32\Simulation\Butterworth_input_filter_v3.asc
Start Time: Tue Feb 11 22:29:58 2025
c9: both pins shorted together -- ignoring.
solver = Normal
Maximum thread count: 24
tnom = 27
temp = 27
method = modified trap
WARNING: Node NC_02 is floating.
WARNING: Node NC_04 is floating.
WARNING: Node NC_05 is floating.
WARNING: Node NC_06 is floating.
WARNING: Node NC_08 is floating.
WARNING: Node N001 is floating.

WARNING: Less than two connections to node nc_01.  This node is used by r8.
WARNING: Less than two connections to node nc_02.  This node is used by r8.
WARNING: Less than two connections to node nc_03.  This node is used by r9.
WARNING: Less than two connections to node nc_04.  This node is used by r9.
WARNING: Less than two connections to node nc_05.  This node is used by c8.
WARNING: Less than two connections to node nc_06.  This node is used by c8.
WARNING: Less than two connections to node nc_07.  This node is used by r12.
WARNING: Less than two connections to node nc_08.  This node is used by r12.
WARNING: Less than two connections to node n001.  This node is used by c10.
Early termination of direct N-R iteration.
Direct Newton iteration failed to find .op point.  (Use ".option noopiter" to skip.)
Starting Gmin stepping
Gmin = 10
vernier = 0.5
vernier = 0.25
vernier = 0.125
Gmin = 5.5165
vernier = 0.0625
vernier = 0.03125
vernier = 0.015625
vernier = 0.0078125
Gmin = 5.49501
vernier = 0.00390625
vernier = 0.00195312
vernier = 0.000976562
vernier = 0.000488281
Gmin = 5.50104
Gmin = 0
Gmin stepping succeeded in finding the operating point.

Total elapsed time: 0.300 seconds.

